@value = internal global double 0.000000e+00

define internal void @assign-select..init() {
  br i1 false, label %1, label %2

; <label>:1                                       ; preds = %0
  br label %3

; <label>:2                                       ; preds = %0
  br label %3

; <label>:3                                       ; preds = %2, %1
  %4 = phi double [ 4.120000e+00, %1 ], [ 5.600000e+01, %2 ]
  store double %4, double* @value
  ret void
}

define i32 @main(i32, i8**, i8**) {
  call void @assign-select..init()
  ret i32 0
}
