define internal void @"function-slot-deduce.@init"() {
  call void @method()
  ret void
}

define internal void @method() {
  %a = alloca i128
  store i128 20, i128* %a
  %1 = load i128* %a
  call void @exit(i128 %1)
  ret void
}

declare void @exit(i128 signext)

define i32 @main(i32, i8**, i8**) {
  call void @"function-slot-deduce.@init"()
  ret i32 0
}
