@a = constant { i32, double, i1 } { i32 30, double 1.531000e+01, i1 false }
