@a = internal constant i128 30
@b = internal constant double 1.531000e+01
@c = internal constant i1 false
@val = internal constant i128 42

define internal void @"slot-unpack-explicit.@init"() {
  ret void
}

define i32 @main(i32, i8**, i8**) {
  call void @"slot-unpack-explicit.@init"()
  ret i32 0
}
