@name = internal constant i8* getelementptr inbounds ([7 x i8]* @0, i32 0, i32 0)
@0 = private unnamed_addr constant [7 x i8] c"Arrow\0A\00"

define internal void @string..init() {
  ret void
}

define i32 @main(i32, i8**, i8**) {
  call void @string..init()
  ret i32 0
}
