<?xml version="1.0" encoding="utf-8"?>
<Module>
 <Boolean>false</Boolean>
 <Boolean>true</Boolean>
</Module>
