<?xml version="1.0" encoding="utf-8"?>
<Module>
 <Function name="main">
  <Parameters/>
  <Sequence>
   <Call>
    <Expression>
     <Identifier>main</Identifier>
    </Expression>
    <Arguments/>
   </Call>
  </Sequence>
 </Function>
</Module>
