{
  "tag": "Module",
  "span": "test/parse/cast.as:1.1-3.12",
  "name": "cast",
  "block": {
    "tag": "Block",
    "span": "test/parse/cast.as:1.1-3.12",
    "statements": [
      {
        "tag": "Cast",
        "span": "test/parse/cast.as:1.1-10",
        "lhs": {
          "tag": "Identifier",
          "span": "test/parse/cast.as:1.1-2",
          "text": "x"
        },
        "rhs": {
          "tag": "TypePath",
          "span": "test/parse/cast.as:1.6-10",
          "segments": [
            "bool"
          ]
        }
      },
      {
        "tag": "Cast",
        "span": "test/parse/cast.as:2.1-10",
        "lhs": {
          "tag": "AddressOf",
          "span": "test/parse/cast.as:2.1-3",
          "mutable": false,
          "operand": {
            "tag": "Identifier",
            "span": "test/parse/cast.as:2.2-3",
            "text": "y"
          }
        },
        "rhs": {
          "tag": "TypePath",
          "span": "test/parse/cast.as:2.7-10",
          "segments": [
            "int"
          ]
        }
      },
      {
        "tag": "Cast",
        "span": "test/parse/cast.as:3.1-12",
        "lhs": {
          "tag": "AddressOf",
          "span": "test/parse/cast.as:3.1-3",
          "mutable": false,
          "operand": {
            "tag": "Identifier",
            "span": "test/parse/cast.as:3.2-3",
            "text": "z"
          }
        },
        "rhs": {
          "tag": "TypePointer",
          "span": "test/parse/cast.as:3.7-12",
          "mutable": false,
          "pointee": {
            "tag": "TypePath",
            "span": "test/parse/cast.as:3.8-12",
            "segments": [
              "byte"
            ]
          }
        }
      }
    ]
  }
}
