<?xml version="1.0" encoding="utf-8"?>
<Module>
 <Float>32.23</Float>
 <Float>52e+30</Float>
 <Float>2.0</Float>
 <Float>3.251e30</Float>
 <Float>3.251e-30</Float>
</Module>
