<?xml version="1.0" encoding="utf-8"?>
<Module>
 <Member>
  <Identifier>name</Identifier>
  <Identifier>other</Identifier>
 </Member>
 <Member>
  <Call>
   <Expression>
    <Identifier>call</Identifier>
   </Expression>
   <Arguments/>
  </Call>
  <Identifier>other</Identifier>
 </Member>
 <AddressOf mutable="false">
  <Member>
   <Identifier>x</Identifier>
   <Identifier>other</Identifier>
  </Member>
 </AddressOf>
</Module>
