{
  "tag": "Module",
  "span": "test/parse/none.as:1.1-2.5",
  "name": "none",
  "block": {
    "tag": "Block",
    "span": "test/parse/none.as:1.1-2.5",
    "statements": [
      {
        "tag": "Slot",
        "span": "test/parse/none.as:1.1-13",
        "exported": false,
        "pattern": {
          "tag": "PatternIdentifier",
          "span": "test/parse/none.as:1.5-6",
          "text": "x",
          "mutable": false
        },
        "type": {
          "tag": "TypeNone",
          "span": "test/parse/none.as:1.8-12"
        },
        "initializer": null
      },
      {
        "tag": "None",
        "span": "test/parse/none.as:2.1-5"
      }
    ]
  }
}
