{
  "tag": "Module",
  "span": "test/parse/struct.as:1.1-3.7",
  "name": "struct",
  "block": {
    "tag": "Block",
    "span": "test/parse/struct.as:1.1-3.7",
    "statements": [
      {
        "tag": "Structure",
        "span": "test/parse/struct.as:1.1-7",
        "name": "Empty",
        "exported": false,
        "members": []
      },
      {
        "tag": "Structure",
        "span": "test/parse/struct.as:2.1-7",
        "name": "Box",
        "exported": false,
        "members": [
          {
            "tag": "Member",
            "span": "test/parse/struct.as:2.14-24",
            "name": "value",
            "type": {
              "tag": "TypePath",
              "span": "test/parse/struct.as:2.21-24",
              "segments": [
                "int"
              ]
            },
            "default_value": null
          }
        ]
      },
      {
        "tag": "Structure",
        "span": "test/parse/struct.as:3.1-7",
        "name": "Point",
        "exported": false,
        "members": [
          {
            "tag": "Member",
            "span": "test/parse/struct.as:3.16-22",
            "name": "x",
            "type": {
              "tag": "TypePath",
              "span": "test/parse/struct.as:3.19-22",
              "segments": [
                "int"
              ]
            },
            "default_value": null
          },
          {
            "tag": "Member",
            "span": "test/parse/struct.as:3.24-30",
            "name": "y",
            "type": {
              "tag": "TypePath",
              "span": "test/parse/struct.as:3.27-30",
              "segments": [
                "int"
              ]
            },
            "default_value": null
          }
        ]
      }
    ]
  }
}
