<?xml version="1.0" encoding="utf-8"?>
<Module>
 <Promote>
  <Integer base="10">32</Integer>
 </Promote>
 <Promote>
  <Integer base="10">643</Integer>
 </Promote>
 <NegateNumeric>
  <Integer base="10">32</Integer>
 </NegateNumeric>
 <NegateNumeric>
  <Integer base="16">afe</Integer>
 </NegateNumeric>
 <NegateBitwise>
  <Integer base="10">6</Integer>
 </NegateBitwise>
 <NegateLogical>
  <Boolean>false</Boolean>
 </NegateLogical>
</Module>
