[0;37mtest/compile-fail/export-slot-no-initializer.as:1.13-14: [0;31merror: [1;37mexpected `=`; found `;`[0m
