[0;37mtest/compile-fail/name-unresolved.as:1.13-18: [0;31merror: [1;37muse of unresolved name 'value'[0m
