[0;37mtest/tokenize-fail/invalid-token.as:1.1-2: [0;31merror: [1;37munexpected token: `@`[0m
