/home/ryan/Workspace/arrowlang/arrow/test/tokenize/comment.as:3.1-2: end
