test/tokenize/integer_underscore.as:2.1-5: integer: 122
test/tokenize/integer_underscore.as:5.1-5: identifier: _231
test/tokenize/integer_underscore.as:8.1-3: integer: 34
test/tokenize/integer_underscore.as:8.3-4: punctuator: .
test/tokenize/integer_underscore.as:8.4-7: identifier: _21
test/tokenize/integer_underscore.as:11.1-9: float: 432.321
test/tokenize/integer_underscore.as:12.1-2: end
